vm-coverage: compiled-lookup=0
vm-coverage: executed-body=0
vm-coverage: reference-return=0
vm-coverage: variable=0
vm-coverage: assignment=0
vm-coverage: call=0
vm-coverage: array=0
vm-coverage: property=0
vm-coverage: closure=0
vm-coverage: interpolation=0
vm-coverage: foreach=0
vm-coverage: switch=0
vm-coverage: match=0
vm-coverage: exception=0
vm-coverage: static=0
vm-coverage: scope=0
vm-coverage: operator=0
vm-coverage: other=0
vm-coverage: hybrid-lookup=0
vm-coverage: hybrid-body=0
vm-coverage: top-level-entry=0
